// Jest Snapshot v1, https://goo.gl/fbAQLP

exports[`Modal Should render correctly 1`] = `
<div
  className=" undefined undefined"
>
  <section>
    children
    <div>
      <Button
        onClick={[MockFunction]}
      >
        Cancel
      </Button>
    </div>
  </section>
</div>
`;
