// Jest Snapshot v1, https://goo.gl/fbAQLP

exports[`Events Should render correctly 1`] = `
<div>
  <div>
    <div>
      No events found :(
    </div>
  </div>
</div>
`;
